// Jest Snapshot v1, https://goo.gl/fbAQLP

exports[`App renders without crashing 1`] = `
<App
  todoStore={
    TodoStore {
      "todos": Array [
        Todo {
          "done": false,
          "id": "id-1",
          "label": "hello",
        },
      ],
    }
  }
/>
`;
