// Jest Snapshot v1, https://goo.gl/fbAQLP

exports[`TodoInput should add todo 1`] = `
<div>
  <input
    name="todoInput"
    type="text"
  />
  <button
    onClick={[Function]}
  >
    Add
  </button>
</div>
`;
